Archive member included to satisfy reference by file (symbol)

/Applications/ARM/bin/../lib/gcc/arm-none-eabi/10.3.1/../../../../arm-none-eabi/lib/thumb/v7e-m+fp/hard/libc_nano.a(lib_a-exit.o)
                              /Applications/ARM/bin/../lib/gcc/arm-none-eabi/10.3.1/../../../../arm-none-eabi/lib/thumb/v7e-m+fp/hard/crt0.o (exit)
/Applications/ARM/bin/../lib/gcc/arm-none-eabi/10.3.1/../../../../arm-none-eabi/lib/thumb/v7e-m+fp/hard/libc_nano.a(lib_a-impure.o)
                              /Applications/ARM/bin/../lib/gcc/arm-none-eabi/10.3.1/../../../../arm-none-eabi/lib/thumb/v7e-m+fp/hard/libc_nano.a(lib_a-exit.o) (_global_impure_ptr)
/Applications/ARM/bin/../lib/gcc/arm-none-eabi/10.3.1/../../../../arm-none-eabi/lib/thumb/v7e-m+fp/hard/libc_nano.a(lib_a-init.o)
                              /Applications/ARM/bin/../lib/gcc/arm-none-eabi/10.3.1/../../../../arm-none-eabi/lib/thumb/v7e-m+fp/hard/crt0.o (__libc_init_array)
/Applications/ARM/bin/../lib/gcc/arm-none-eabi/10.3.1/../../../../arm-none-eabi/lib/thumb/v7e-m+fp/hard/libc_nano.a(lib_a-memcpy-stub.o)
                              _build/nrf52840_xxaa/nrf_memobj.c.o (memcpy)
/Applications/ARM/bin/../lib/gcc/arm-none-eabi/10.3.1/../../../../arm-none-eabi/lib/thumb/v7e-m+fp/hard/libc_nano.a(lib_a-memset.o)
                              /Applications/ARM/bin/../lib/gcc/arm-none-eabi/10.3.1/../../../../arm-none-eabi/lib/thumb/v7e-m+fp/hard/crt0.o (memset)
/Applications/ARM/bin/../lib/gcc/arm-none-eabi/10.3.1/../../../../arm-none-eabi/lib/thumb/v7e-m+fp/hard/libc_nano.a(lib_a-strlen.o)
                              _build/nrf52840_xxaa/nrf_fprintf_format.c.o (strlen)
/Applications/ARM/bin/../lib/gcc/arm-none-eabi/10.3.1/../../../../arm-none-eabi/lib/thumb/v7e-m+fp/hard/libnosys.a(_exit.o)
                              /Applications/ARM/bin/../lib/gcc/arm-none-eabi/10.3.1/../../../../arm-none-eabi/lib/thumb/v7e-m+fp/hard/libc_nano.a(lib_a-exit.o) (_exit)

Discarded input sections

 .text          0x0000000000000000        0x0 /Applications/ARM/bin/../lib/gcc/arm-none-eabi/10.3.1/thumb/v7e-m+fp/hard/crti.o
 .data          0x0000000000000000        0x0 /Applications/ARM/bin/../lib/gcc/arm-none-eabi/10.3.1/thumb/v7e-m+fp/hard/crti.o
 .bss           0x0000000000000000        0x0 /Applications/ARM/bin/../lib/gcc/arm-none-eabi/10.3.1/thumb/v7e-m+fp/hard/crti.o
 .data          0x0000000000000000        0x4 /Applications/ARM/bin/../lib/gcc/arm-none-eabi/10.3.1/thumb/v7e-m+fp/hard/crtbegin.o
 .rodata        0x0000000000000000       0x24 /Applications/ARM/bin/../lib/gcc/arm-none-eabi/10.3.1/thumb/v7e-m+fp/hard/crtbegin.o
 .data          0x0000000000000000        0x0 /Applications/ARM/bin/../lib/gcc/arm-none-eabi/10.3.1/../../../../arm-none-eabi/lib/thumb/v7e-m+fp/hard/crt0.o
 .bss           0x0000000000000000        0x0 /Applications/ARM/bin/../lib/gcc/arm-none-eabi/10.3.1/../../../../arm-none-eabi/lib/thumb/v7e-m+fp/hard/crt0.o
 .ARM.extab     0x0000000000000000        0x0 /Applications/ARM/bin/../lib/gcc/arm-none-eabi/10.3.1/../../../../arm-none-eabi/lib/thumb/v7e-m+fp/hard/crt0.o
 .data          0x0000000000000000        0x0 _build/nrf52840_xxaa/gcc_startup_nrf52840.S.o
 .bss           0x0000000000000000        0x0 _build/nrf52840_xxaa/gcc_startup_nrf52840.S.o
 .group         0x0000000000000000        0xc _build/nrf52840_xxaa/nrf_log_frontend.c.o
 .group         0x0000000000000000        0xc _build/nrf52840_xxaa/nrf_log_frontend.c.o
 .group         0x0000000000000000        0xc _build/nrf52840_xxaa/nrf_log_frontend.c.o
 .group         0x0000000000000000        0xc _build/nrf52840_xxaa/nrf_log_frontend.c.o
 .group         0x0000000000000000        0xc _build/nrf52840_xxaa/nrf_log_frontend.c.o
 .group         0x0000000000000000        0xc _build/nrf52840_xxaa/nrf_log_frontend.c.o
 .group         0x0000000000000000        0xc _build/nrf52840_xxaa/nrf_log_frontend.c.o
 .group         0x0000000000000000        0xc _build/nrf52840_xxaa/nrf_log_frontend.c.o
 .group         0x0000000000000000        0xc _build/nrf52840_xxaa/nrf_log_frontend.c.o
 .group         0x0000000000000000        0xc _build/nrf52840_xxaa/nrf_log_frontend.c.o
 .group         0x0000000000000000        0xc _build/nrf52840_xxaa/nrf_log_frontend.c.o
 .group         0x0000000000000000        0xc _build/nrf52840_xxaa/nrf_log_frontend.c.o
 .group         0x0000000000000000        0xc _build/nrf52840_xxaa/nrf_log_frontend.c.o
 .group         0x0000000000000000        0xc _build/nrf52840_xxaa/nrf_log_frontend.c.o
 .group         0x0000000000000000        0xc _build/nrf52840_xxaa/nrf_log_frontend.c.o
 .group         0x0000000000000000        0xc _build/nrf52840_xxaa/nrf_log_frontend.c.o
 .group         0x0000000000000000        0xc _build/nrf52840_xxaa/nrf_log_frontend.c.o
 .group         0x0000000000000000        0xc _build/nrf52840_xxaa/nrf_log_frontend.c.o
 .group         0x0000000000000000        0xc _build/nrf52840_xxaa/nrf_log_frontend.c.o
[...]
Memory Configuration

Name             Origin             Length             Attributes
FLASH            0x0000000000000000 0x0000000000100000 xr
RAM              0x0000000020000000 0x0000000000040000 xrw
*default*        0x0000000000000000 0xffffffffffffffff

Linker script and memory map


.text           0x0000000000000000     0x1760
 *(.isr_vector)
 .isr_vector    0x0000000000000000      0x200 _build/nrf52840_xxaa/gcc_startup_nrf52840.S.o
                0x0000000000000000                __isr_vector
 *(.text*)
 .text          0x0000000000000200       0x40 /Applications/ARM/bin/../lib/gcc/arm-none-eabi/10.3.1/thumb/v7e-m+fp/hard/crtbegin.o
 .text          0x0000000000000240       0x7c /Applications/ARM/bin/../lib/gcc/arm-none-eabi/10.3.1/../../../../arm-none-eabi/lib/thumb/v7e-m+fp/hard/crt0.o
                0x0000000000000240                _stack_init
                0x0000000000000248                _mainCRTStartup
                0x0000000000000248                _start
 .text          0x00000000000002bc       0x3c _build/nrf52840_xxaa/gcc_startup_nrf52840.S.o
                0x00000000000002bc                Reset_Handler
                0x00000000000002e4                NMI_Handler
                0x00000000000002e6                HardFault_Handler
                0x00000000000002e8                MemoryManagement_Handler
                0x00000000000002ea                BusFault_Handler
                0x00000000000002ec                UsageFault_Handler
                0x00000000000002ee                SVC_Handler
                0x00000000000002f0                DebugMon_Handler
                0x00000000000002f2                PendSV_Handler
                0x00000000000002f4                SysTick_Handler
                0x00000000000002f6                QDEC_IRQHandler
                0x00000000000002f6                TIMER3_IRQHandler
                0x00000000000002f6                PWM3_IRQHandler
                0x00000000000002f6                FPU_IRQHandler
                0x00000000000002f6                USBD_IRQHandler
                0x00000000000002f6                SPIM0_SPIS0_TWIM0_TWIS0_SPI0_TWI0_IRQHandler
                0x00000000000002f6                TIMER4_IRQHandler
                0x00000000000002f6                CRYPTOCELL_IRQHandler
                0x00000000000002f6                I2S_IRQHandler
                0x00000000000002f6                SWI4_EGU4_IRQHandler
                0x00000000000002f6                TIMER0_IRQHandler
                0x00000000000002f6                UARTE1_IRQHandler
                0x00000000000002f6                TIMER1_IRQHandler
                0x00000000000002f6                SPIM3_IRQHandler
                0x00000000000002f6                PWM2_IRQHandler
                0x00000000000002f6                ECB_IRQHandler
                0x00000000000002f6                SPIM1_SPIS1_TWIM1_TWIS1_SPI1_TWI1_IRQHandler
                0x00000000000002f6                Default_Handler
                0x00000000000002f6                SAADC_IRQHandler
                0x00000000000002f6                CCM_AAR_IRQHandler
                0x00000000000002f6                WDT_IRQHandler
                0x00000000000002f6                SWI5_EGU5_IRQHandler
                0x00000000000002f6                RNG_IRQHandler
                0x00000000000002f6                RTC2_IRQHandler
                0x00000000000002f6                PWM0_IRQHandler
                0x00000000000002f6                SWI3_EGU3_IRQHandler
                0x00000000000002f6                RTC1_IRQHandler
                0x00000000000002f6                SWI1_EGU1_IRQHandler
                0x00000000000002f6                SPIM2_SPIS2_SPI2_IRQHandler
                0x00000000000002f6                NFCT_IRQHandler
                0x00000000000002f6                MWU_IRQHandler
                0x00000000000002f6                QSPI_IRQHandler
                0x00000000000002f6                TIMER2_IRQHandler
                0x00000000000002f6                COMP_LPCOMP_IRQHandler
                0x00000000000002f6                RTC0_IRQHandler
                0x00000000000002f6                SWI0_EGU0_IRQHandler
                0x00000000000002f6                SWI2_EGU2_IRQHandler
                0x00000000000002f6                GPIOTE_IRQHandler
                0x00000000000002f6                PWM1_IRQHandler
                0x00000000000002f6                POWER_CLOCK_IRQHandler
                0x00000000000002f6                RADIO_IRQHandler
                0x00000000000002f6                PDM_IRQHandler
                0x00000000000002f6                TEMP_IRQHandler
 .text.bsp_board_init
                0x00000000000002f8       0x54 _build/nrf52840_xxaa/boards.c.o
                0x00000000000002f8                bsp_board_init
 .text.app_error_handler_bare
                0x000000000000034c       0x20 _build/nrf52840_xxaa/app_error.c.o
                0x000000000000034c                app_error_handler_bare
 .text.app_error_fault_handler
                0x000000000000036c       0x30 _build/nrf52840_xxaa/app_error_weak.c.o
                0x000000000000036c                app_error_fault_handler
 .text.app_fifo_init
                0x000000000000039c       0x20 _build/nrf52840_xxaa/app_fifo.c.o
                0x000000000000039c                app_fifo_init
 .text.app_fifo_put
                0x00000000000003bc       0x30 _build/nrf52840_xxaa/app_fifo.c.o
                0x00000000000003bc                app_fifo_put
 .text.app_fifo_get
                0x00000000000003ec       0x2c _build/nrf52840_xxaa/app_fifo.c.o
                0x00000000000003ec                app_fifo_get
 .text.uart_event_handler
                0x0000000000000418      0x120 _build/nrf52840_xxaa/app_uart_fifo.c.o
 .text.app_uart_init
                0x0000000000000538       0xe8 _build/nrf52840_xxaa/app_uart_fifo.c.o
                0x0000000000000538                app_uart_init
 .text.app_uart_put
                0x0000000000000620       0x74 _build/nrf52840_xxaa/app_uart_fifo.c.o
                0x0000000000000620                app_uart_put
 .text.app_util_critical_region_enter
                0x0000000000000694       0x10 _build/nrf52840_xxaa/app_util_platform.c.o
                0x0000000000000694                app_util_critical_region_enter
 .text.app_util_critical_region_exit
                0x00000000000006a4       0x14 _build/nrf52840_xxaa/app_util_platform.c.o
                0x00000000000006a4                app_util_critical_region_exit
 .text.uarte_evt_handler
                0x00000000000006b8       0x34 _build/nrf52840_xxaa/nrf_drv_uart.c.o
 .text.uart_evt_handler
                0x00000000000006ec       0x34 _build/nrf52840_xxaa/nrf_drv_uart.c.o
 .text.nrf_drv_uart_init
                0x0000000000000720       0x78 _build/nrf52840_xxaa/nrf_drv_uart.c.o
                0x0000000000000720                nrf_drv_uart_init
 .text.UARTE0_UART0_IRQHandler
                0x0000000000000798        0xc _build/nrf52840_xxaa/nrfx_prs.c.o
                0x0000000000000798                UARTE0_UART0_IRQHandler
 .text.nrfx_prs_acquire
                0x00000000000007a4       0x3c _build/nrf52840_xxaa/nrfx_prs.c.o
                0x00000000000007a4                nrfx_prs_acquire
 .text.nrfx_uart_0_irq_handler
                0x00000000000007e0      0x1d0 _build/nrf52840_xxaa/nrfx_uart.c.o
                0x00000000000007e0                nrfx_uart_0_irq_handler
 .text.nrfx_uart_init
                0x00000000000009b0      0x1ec _build/nrf52840_xxaa/nrfx_uart.c.o
                0x00000000000009b0                nrfx_uart_init
 .text.nrfx_uart_tx
                0x0000000000000b9c       0xd8 _build/nrf52840_xxaa/nrfx_uart.c.o
                0x0000000000000b9c                nrfx_uart_tx
 .text.nrfx_uart_tx_in_progress
                0x0000000000000c74       0x18 _build/nrf52840_xxaa/nrfx_uart.c.o
                0x0000000000000c74                nrfx_uart_tx_in_progress
 .text.nrfx_uart_rx
                0x0000000000000c8c      0x15c _build/nrf52840_xxaa/nrfx_uart.c.o
                0x0000000000000c8c                nrfx_uart_rx
 .text.nrfx_uarte_0_irq_handler
                0x0000000000000de8      0x178 _build/nrf52840_xxaa/nrfx_uarte.c.o
                0x0000000000000de8                nrfx_uarte_0_irq_handler
 .text.nrfx_uarte_init
                0x0000000000000f60      0x21c _build/nrf52840_xxaa/nrfx_uarte.c.o
                0x0000000000000f60                nrfx_uarte_init
 .text.nrfx_uarte_tx
                0x000000000000117c       0xb0 _build/nrf52840_xxaa/nrfx_uarte.c.o
                0x000000000000117c                nrfx_uarte_tx
 .text.nrfx_uarte_tx_in_progress
                0x000000000000122c       0x1c _build/nrf52840_xxaa/nrfx_uarte.c.o
                0x000000000000122c                nrfx_uarte_tx_in_progress
 .text.nrfx_uarte_rx
                0x0000000000001248      0x138 _build/nrf52840_xxaa/nrfx_uarte.c.o
                0x0000000000001248                nrfx_uarte_rx
 .text.uart_error_handle
                0x0000000000001380       0x14 _build/nrf52840_xxaa/main.c.o
                0x0000000000001380                uart_error_handle
 .text.startup.main
                0x0000000000001394       0x7c _build/nrf52840_xxaa/main.c.o
                0x0000000000001394                main
 .text.SystemInit
                0x0000000000001410      0x25c _build/nrf52840_xxaa/system_nrf52840.c.o
                0x0000000000001410                SystemInit
 .text.exit     0x000000000000166c       0x28 /Applications/ARM/bin/../lib/gcc/arm-none-eabi/10.3.1/../../../../arm-none-eabi/lib/thumb/v7e-m+fp/hard/libc_nano.a(lib_a-exit.o)
                0x000000000000166c                exit
 .text.__libc_init_array
                0x0000000000001694       0x48 /Applications/ARM/bin/../lib/gcc/arm-none-eabi/10.3.1/../../../../arm-none-eabi/lib/thumb/v7e-m+fp/hard/libc_nano.a(lib_a-init.o)
                0x0000000000001694                __libc_init_array
 .text.memset   0x00000000000016dc       0x10 /Applications/ARM/bin/../lib/gcc/arm-none-eabi/10.3.1/../../../../arm-none-eabi/lib/thumb/v7e-m+fp/hard/libc_nano.a(lib_a-memset.o)
                0x00000000000016dc                memset
 .text._exit    0x00000000000016ec        0x4 /Applications/ARM/bin/../lib/gcc/arm-none-eabi/10.3.1/../../../../arm-none-eabi/lib/thumb/v7e-m+fp/hard/libnosys.a(_exit.o)
                0x00000000000016ec                _exit
 *(.init)
 .init          0x00000000000016f0        0x4 /Applications/ARM/bin/../lib/gcc/arm-none-eabi/10.3.1/thumb/v7e-m+fp/hard/crti.o
                0x00000000000016f0                _init
 .init          0x00000000000016f4        0x8 /Applications/ARM/bin/../lib/gcc/arm-none-eabi/10.3.1/thumb/v7e-m+fp/hard/crtn.o
 *(.fini)
 .fini          0x00000000000016fc        0x4 /Applications/ARM/bin/../lib/gcc/arm-none-eabi/10.3.1/thumb/v7e-m+fp/hard/crti.o
                0x00000000000016fc                _fini
 .fini          0x0000000000001700        0x8 /Applications/ARM/bin/../lib/gcc/arm-none-eabi/10.3.1/thumb/v7e-m+fp/hard/crtn.o
 *crtbegin.o(.ctors)
 *crtbegin?.o(.ctors)
 *(EXCLUDE_FILE(*crtend.o *crtend?.o) .ctors)
 *(SORT_BY_NAME(.ctors.*))
 *(.ctors)
 *crtbegin.o(.dtors)
 *crtbegin?.o(.dtors)
 *(EXCLUDE_FILE(*crtend.o *crtend?.o) .dtors)
 *(SORT_BY_NAME(.dtors.*))
 *(.dtors)
 *(.rodata*)
 .rodata        0x0000000000001708       0x20 _build/nrf52840_xxaa/app_uart_fifo.c.o
 .rodata        0x0000000000001728       0x18 _build/nrf52840_xxaa/main.c.o
 .rodata.delay_machine_code.0
                0x0000000000001740        0x6 _build/nrf52840_xxaa/main.c.o
 *fill*         0x0000000000001746        0x2 
 .rodata.CSWTCH.15
                0x0000000000001748        0x6 _build/nrf52840_xxaa/system_nrf52840.c.o
 *fill*         0x000000000000174e        0x2 
 .rodata.CSWTCH.6
                0x0000000000001750        0x6 _build/nrf52840_xxaa/system_nrf52840.c.o
 *fill*         0x0000000000001756        0x2 
 .rodata._global_impure_ptr
                0x0000000000001758        0x4 /Applications/ARM/bin/../lib/gcc/arm-none-eabi/10.3.1/../../../../arm-none-eabi/lib/thumb/v7e-m+fp/hard/libc_nano.a(lib_a-impure.o)
                0x0000000000001758                _global_impure_ptr
 *(.eh_frame*)
 .eh_frame      0x000000000000175c        0x0 /Applications/ARM/bin/../lib/gcc/arm-none-eabi/10.3.1/thumb/v7e-m+fp/hard/crtbegin.o
 .eh_frame      0x000000000000175c        0x4 /Applications/ARM/bin/../lib/gcc/arm-none-eabi/10.3.1/thumb/v7e-m+fp/hard/crtend.o

.glue_7         0x0000000000001760        0x0
 .glue_7        0x0000000000001760        0x0 linker stubs

.glue_7t        0x0000000000001760        0x0
 .glue_7t       0x0000000000001760        0x0 linker stubs

.vfp11_veneer   0x0000000000001760        0x0
 .vfp11_veneer  0x0000000000001760        0x0 linker stubs

.v4_bx          0x0000000000001760        0x0
 .v4_bx         0x0000000000001760        0x0 linker stubs

.iplt           0x0000000000001760        0x0
 .iplt          0x0000000000001760        0x0 /Applications/ARM/bin/../lib/gcc/arm-none-eabi/10.3.1/thumb/v7e-m+fp/hard/crtbegin.o

.mem_section_dummy_rom

.log_const_data
                0x0000000000001760        0x0
                [!provide]                        PROVIDE (__start_log_const_data = .)
 *(SORT_BY_NAME(.log_const_data*))
                [!provide]                        PROVIDE (__stop_log_const_data = .)

.log_backends   0x0000000000001760        0x0
                [!provide]                        PROVIDE (__start_log_backends = .)
 *(SORT_BY_NAME(.log_backends*))
                [!provide]                        PROVIDE (__stop_log_backends = .)

.nrf_balloc     0x0000000000001760        0x0
                [!provide]                        PROVIDE (__start_nrf_balloc = .)
 *(.nrf_balloc)
                [!provide]                        PROVIDE (__stop_nrf_balloc = .)

.ARM.extab
 *(.ARM.extab* .gnu.linkonce.armextab.*)
                0x0000000000001760                __exidx_start = .

.ARM.exidx      0x0000000000001760        0x8
 *(.ARM.exidx* .gnu.linkonce.armexidx.*)
 .ARM.exidx     0x0000000000001760        0x8 /Applications/ARM/bin/../lib/gcc/arm-none-eabi/10.3.1/../../../../arm-none-eabi/lib/thumb/v7e-m+fp/hard/crt0.o
                                         0x10 (size before relaxing)
                0x0000000000001768                __exidx_end = .

.rel.dyn        0x0000000000001768        0x0
 .rel.iplt      0x0000000000001768        0x0 /Applications/ARM/bin/../lib/gcc/arm-none-eabi/10.3.1/thumb/v7e-m+fp/hard/crtbegin.o
                0x0000000000001768                . = ALIGN (0x4)
                0x0000000000001768                __etext = .

.data           0x0000000020000000       0x80 load address 0x0000000000001768
                0x0000000020000000                __data_start__ = .
 *(vtable)
 *(.data*)
 .data.app_uart_inst
                0x0000000020000000       0x14 _build/nrf52840_xxaa/app_uart_fifo.c.o
 .data.SystemCoreClock
                0x0000000020000014        0x4 _build/nrf52840_xxaa/system_nrf52840.c.o
                0x0000000020000014                SystemCoreClock
 .data.impure_data
                0x0000000020000018       0x60 /Applications/ARM/bin/../lib/gcc/arm-none-eabi/10.3.1/../../../../arm-none-eabi/lib/thumb/v7e-m+fp/hard/libc_nano.a(lib_a-impure.o)
                0x0000000020000078                . = ALIGN (0x4)
                0x0000000020000078                PROVIDE (__preinit_array_start = .)
 *(.preinit_array)
                0x0000000020000078                PROVIDE (__preinit_array_end = .)
                0x0000000020000078                . = ALIGN (0x4)
                0x0000000020000078                PROVIDE (__init_array_start = .)
 *(SORT_BY_NAME(.init_array.*))
 *(.init_array)
 .init_array    0x0000000020000078        0x4 /Applications/ARM/bin/../lib/gcc/arm-none-eabi/10.3.1/thumb/v7e-m+fp/hard/crtbegin.o
                0x000000002000007c                PROVIDE (__init_array_end = .)
                0x000000002000007c                . = ALIGN (0x4)
                [!provide]                        PROVIDE (__fini_array_start = .)
 *(SORT_BY_NAME(.fini_array.*))
 *(.fini_array)
 .fini_array    0x000000002000007c        0x4 /Applications/ARM/bin/../lib/gcc/arm-none-eabi/10.3.1/thumb/v7e-m+fp/hard/crtbegin.o
                [!provide]                        PROVIDE (__fini_array_end = .)
 *(.jcr*)
                0x0000000020000080                . = ALIGN (0x4)
                0x0000000020000080                __data_end__ = .
LOAD /Applications/ARM/bin/../lib/gcc/arm-none-eabi/10.3.1/thumb/v7e-m+fp/hard/crti.o
LOAD /Applications/ARM/bin/../lib/gcc/arm-none-eabi/10.3.1/thumb/v7e-m+fp/hard/crtbegin.o
LOAD /Applications/ARM/bin/../lib/gcc/arm-none-eabi/10.3.1/../../../../arm-none-eabi/lib/thumb/v7e-m+fp/hard/crt0.o
LOAD _build/nrf52840_xxaa/gcc_startup_nrf52840.S.o
LOAD _build/nrf52840_xxaa/nrf_log_frontend.c.o
LOAD _build/nrf52840_xxaa/nrf_log_str_formatter.c.o
LOAD _build/nrf52840_xxaa/boards.c.o
LOAD _build/nrf52840_xxaa/app_error.c.o
LOAD _build/nrf52840_xxaa/app_error_handler_gcc.c.o
LOAD _build/nrf52840_xxaa/app_error_weak.c.o
LOAD _build/nrf52840_xxaa/app_fifo.c.o
LOAD _build/nrf52840_xxaa/app_uart_fifo.c.o
LOAD _build/nrf52840_xxaa/app_util_platform.c.o
LOAD _build/nrf52840_xxaa/nrf_assert.c.o
LOAD _build/nrf52840_xxaa/nrf_atomic.c.o
LOAD _build/nrf52840_xxaa/nrf_balloc.c.o
LOAD _build/nrf52840_xxaa/nrf_fprintf.c.o
LOAD _build/nrf52840_xxaa/nrf_fprintf_format.c.o
LOAD _build/nrf52840_xxaa/nrf_memobj.c.o
LOAD _build/nrf52840_xxaa/nrf_ringbuf.c.o
LOAD _build/nrf52840_xxaa/nrf_strerror.c.o
LOAD _build/nrf52840_xxaa/retarget.c.o
LOAD _build/nrf52840_xxaa/nrf_drv_uart.c.o
LOAD _build/nrf52840_xxaa/nrfx_prs.c.o
LOAD _build/nrf52840_xxaa/nrfx_uart.c.o
LOAD _build/nrf52840_xxaa/nrfx_uarte.c.o
LOAD _build/nrf52840_xxaa/main.c.o
LOAD _build/nrf52840_xxaa/system_nrf52840.c.o
LOAD /Applications/ARM/bin/../lib/gcc/arm-none-eabi/10.3.1/../../../../arm-none-eabi/lib/thumb/v7e-m+fp/hard/libc_nano.a
LOAD /Applications/ARM/bin/../lib/gcc/arm-none-eabi/10.3.1/../../../../arm-none-eabi/lib/thumb/v7e-m+fp/hard/libnosys.a
LOAD /Applications/ARM/bin/../lib/gcc/arm-none-eabi/10.3.1/../../../../arm-none-eabi/lib/thumb/v7e-m+fp/hard/libm.a
START GROUP
LOAD /Applications/ARM/bin/../lib/gcc/arm-none-eabi/10.3.1/thumb/v7e-m+fp/hard/libgcc.a
LOAD /Applications/ARM/bin/../lib/gcc/arm-none-eabi/10.3.1/../../../../arm-none-eabi/lib/thumb/v7e-m+fp/hard/libg_nano.a
LOAD /Applications/ARM/bin/../lib/gcc/arm-none-eabi/10.3.1/../../../../arm-none-eabi/lib/thumb/v7e-m+fp/hard/libc_nano.a
END GROUP
START GROUP
LOAD /Applications/ARM/bin/../lib/gcc/arm-none-eabi/10.3.1/thumb/v7e-m+fp/hard/libgcc.a
LOAD /Applications/ARM/bin/../lib/gcc/arm-none-eabi/10.3.1/../../../../arm-none-eabi/lib/thumb/v7e-m+fp/hard/libc_nano.a
END GROUP
LOAD /Applications/ARM/bin/../lib/gcc/arm-none-eabi/10.3.1/thumb/v7e-m+fp/hard/crtend.o
LOAD /Applications/ARM/bin/../lib/gcc/arm-none-eabi/10.3.1/thumb/v7e-m+fp/hard/crtn.o
START GROUP
LOAD /Applications/ARM/bin/../lib/gcc/arm-none-eabi/10.3.1/thumb/v7e-m+fp/hard/libgcc.a
LOAD /Applications/ARM/bin/../lib/gcc/arm-none-eabi/10.3.1/../../../../arm-none-eabi/lib/thumb/v7e-m+fp/hard/libc.a
LOAD /Applications/ARM/bin/../lib/gcc/arm-none-eabi/10.3.1/../../../../arm-none-eabi/lib/thumb/v7e-m+fp/hard/libnosys.a
END GROUP

.igot.plt       0x0000000020000080        0x0 load address 0x00000000000017e8
 .igot.plt      0x0000000020000080        0x0 /Applications/ARM/bin/../lib/gcc/arm-none-eabi/10.3.1/thumb/v7e-m+fp/hard/crtbegin.o
                0x0000000020000080                . = ALIGN (0x4)

.mem_section_dummy_ram

.log_dynamic_data
                0x0000000020000080        0x0
                [!provide]                        PROVIDE (__start_log_dynamic_data = .)
 *(SORT_BY_NAME(.log_dynamic_data*))
                [!provide]                        PROVIDE (__stop_log_dynamic_data = .)

.log_filter_data
                0x0000000020000080        0x0
                [!provide]                        PROVIDE (__start_log_filter_data = .)
 *(SORT_BY_NAME(.log_filter_data*))
                [!provide]                        PROVIDE (__stop_log_filter_data = .)

.bss            0x0000000020000080      0x2c4 load address 0x00000000000017e8
                0x0000000020000080                . = ALIGN (0x4)
                0x0000000020000080                __bss_start__ = .
 *(.bss*)
 .bss           0x0000000020000080       0x1c /Applications/ARM/bin/../lib/gcc/arm-none-eabi/10.3.1/thumb/v7e-m+fp/hard/crtbegin.o
 .bss.m_event_handler
                0x000000002000009c        0x4 _build/nrf52840_xxaa/app_uart_fifo.c.o
 .bss.m_rx_fifo
                0x00000000200000a0       0x10 _build/nrf52840_xxaa/app_uart_fifo.c.o
 .bss.m_rx_ovf  0x00000000200000b0        0x1 _build/nrf52840_xxaa/app_uart_fifo.c.o
 *fill*         0x00000000200000b1        0x3 
 .bss.m_tx_fifo
                0x00000000200000b4       0x10 _build/nrf52840_xxaa/app_uart_fifo.c.o
 .bss.rx_buffer
                0x00000000200000c4        0x1 _build/nrf52840_xxaa/app_uart_fifo.c.o
 *fill*         0x00000000200000c5        0x3 
 .bss.tx_buffer
                0x00000000200000c8        0x1 _build/nrf52840_xxaa/app_uart_fifo.c.o
 *fill*         0x00000000200000c9        0x3 
 .bss.m_in_critical_region
                0x00000000200000cc        0x4 _build/nrf52840_xxaa/app_util_platform.c.o
 .bss.m_contexts
                0x00000000200000d0        0x8 _build/nrf52840_xxaa/nrf_drv_uart.c.o
 .bss.m_handlers
                0x00000000200000d8        0x8 _build/nrf52840_xxaa/nrf_drv_uart.c.o
 .bss.nrf_drv_uart_use_easy_dma
                0x00000000200000e0        0x2 _build/nrf52840_xxaa/nrf_drv_uart.c.o
                0x00000000200000e0                nrf_drv_uart_use_easy_dma
 *fill*         0x00000000200000e2        0x2 
 .bss.m_prs_box_4
                0x00000000200000e4        0x8 _build/nrf52840_xxaa/nrfx_prs.c.o
 *fill*         0x00000000200000ec        0x4 
 .bss.m_cb      0x00000000200000f0       0x2c _build/nrf52840_xxaa/nrfx_uart.c.o
 *fill*         0x000000002000011c        0x4 
 .bss.m_cb      0x0000000020000120       0x24 _build/nrf52840_xxaa/nrfx_uarte.c.o
 .bss.rx_buf.2  0x0000000020000144      0x100 _build/nrf52840_xxaa/main.c.o
 .bss.tx_buf.1  0x0000000020000244      0x100 _build/nrf52840_xxaa/main.c.o
 *(COMMON)
                0x0000000020000344                . = ALIGN (0x4)
                0x0000000020000344                __bss_end__ = .

.heap           0x0000000020000348     0x2000
                0x0000000020000348                __HeapBase = .
                0x0000000020000348                __end__ = .
                [!provide]                        PROVIDE (end = .)
 *(.heap*)
 .heap          0x0000000020000348     0x2000 _build/nrf52840_xxaa/gcc_startup_nrf52840.S.o
                0x0000000020002348                __HeapLimit = .

.stack_dummy    0x0000000020000348     0x2000
 *(.stack*)
 .stack         0x0000000020000348     0x2000 _build/nrf52840_xxaa/gcc_startup_nrf52840.S.o
                0x0000000020040000                __StackTop = (ORIGIN (RAM) + LENGTH (RAM))
                0x000000002003e000                __StackLimit = (__StackTop - SIZEOF (.stack_dummy))
                0x0000000020040000                PROVIDE (__stack = __StackTop)
                0x0000000000000001                ASSERT ((__StackLimit >= __HeapLimit), region RAM overflowed with stack)
                0x0000000000000080                DataInitFlashUsed = (__bss_start__ - __data_start__)
                0x0000000000001768                CodeFlashUsed = (__etext - ORIGIN (FLASH))
                0x00000000000017e8                TotalFlashUsed = (CodeFlashUsed + DataInitFlashUsed)
                0x0000000000000001                ASSERT ((TotalFlashUsed <= LENGTH (FLASH)), region FLASH overflowed with .data and user data)
OUTPUT(_build/nrf52840_xxaa.out elf32-littlearm)
LOAD linker stubs

.ARM.attributes
                0x0000000000000000       0x30
 .ARM.attributes
                0x0000000000000000       0x1e /Applications/ARM/bin/../lib/gcc/arm-none-eabi/10.3.1/thumb/v7e-m+fp/hard/crti.o
 .ARM.attributes
                0x000000000000001e       0x34 /Applications/ARM/bin/../lib/gcc/arm-none-eabi/10.3.1/thumb/v7e-m+fp/hard/crtbegin.o
 .ARM.attributes
                0x0000000000000052       0x1c /Applications/ARM/bin/../lib/gcc/arm-none-eabi/10.3.1/../../../../arm-none-eabi/lib/thumb/v7e-m+fp/hard/crt0.o
 .ARM.attributes
                0x000000000000006e       0x20 _build/nrf52840_xxaa/gcc_startup_nrf52840.S.o
 .ARM.attributes
                0x000000000000008e       0x34 _build/nrf52840_xxaa/boards.c.o
 .ARM.attributes
                0x00000000000000c2       0x34 _build/nrf52840_xxaa/app_error.c.o
 .ARM.attributes
                0x00000000000000f6       0x34 _build/nrf52840_xxaa/app_error_weak.c.o
 .ARM.attributes
                0x000000000000012a       0x34 _build/nrf52840_xxaa/app_fifo.c.o
 .ARM.attributes
                0x000000000000015e       0x34 _build/nrf52840_xxaa/app_uart_fifo.c.o
 .ARM.attributes
                0x0000000000000192       0x34 _build/nrf52840_xxaa/app_util_platform.c.o
 .ARM.attributes
                0x00000000000001c6       0x34 _build/nrf52840_xxaa/nrf_drv_uart.c.o
 .ARM.attributes
                0x00000000000001fa       0x34 _build/nrf52840_xxaa/nrfx_prs.c.o
 .ARM.attributes
                0x000000000000022e       0x34 _build/nrf52840_xxaa/nrfx_uart.c.o
 .ARM.attributes
                0x0000000000000262       0x34 _build/nrf52840_xxaa/nrfx_uarte.c.o
 .ARM.attributes
                0x0000000000000296       0x34 _build/nrf52840_xxaa/main.c.o
 .ARM.attributes
                0x00000000000002ca       0x34 _build/nrf52840_xxaa/system_nrf52840.c.o
 .ARM.attributes
                0x00000000000002fe       0x34 /Applications/ARM/bin/../lib/gcc/arm-none-eabi/10.3.1/../../../../arm-none-eabi/lib/thumb/v7e-m+fp/hard/libc_nano.a(lib_a-exit.o)
 .ARM.attributes
                0x0000000000000332       0x34 /Applications/ARM/bin/../lib/gcc/arm-none-eabi/10.3.1/../../../../arm-none-eabi/lib/thumb/v7e-m+fp/hard/libc_nano.a(lib_a-impure.o)
 .ARM.attributes
                0x0000000000000366       0x34 /Applications/ARM/bin/../lib/gcc/arm-none-eabi/10.3.1/../../../../arm-none-eabi/lib/thumb/v7e-m+fp/hard/libc_nano.a(lib_a-init.o)
 .ARM.attributes
                0x000000000000039a       0x34 /Applications/ARM/bin/../lib/gcc/arm-none-eabi/10.3.1/../../../../arm-none-eabi/lib/thumb/v7e-m+fp/hard/libc_nano.a(lib_a-memset.o)
 .ARM.attributes
                0x00000000000003ce       0x34 /Applications/ARM/bin/../lib/gcc/arm-none-eabi/10.3.1/../../../../arm-none-eabi/lib/thumb/v7e-m+fp/hard/libnosys.a(_exit.o)
 .ARM.attributes
                0x0000000000000402       0x34 /Applications/ARM/bin/../lib/gcc/arm-none-eabi/10.3.1/thumb/v7e-m+fp/hard/crtend.o
 .ARM.attributes
                0x0000000000000436       0x1e /Applications/ARM/bin/../lib/gcc/arm-none-eabi/10.3.1/thumb/v7e-m+fp/hard/crtn.o

.comment        0x0000000000000000       0x49
 .comment       0x0000000000000000       0x49 _build/nrf52840_xxaa/boards.c.o
                                         0x4a (size before relaxing)
 .comment       0x0000000000000049       0x4a _build/nrf52840_xxaa/app_error.c.o
 .comment       0x0000000000000049       0x4a _build/nrf52840_xxaa/app_error_weak.c.o
 .comment       0x0000000000000049       0x4a _build/nrf52840_xxaa/app_fifo.c.o
 .comment       0x0000000000000049       0x4a _build/nrf52840_xxaa/app_uart_fifo.c.o
 .comment       0x0000000000000049       0x4a _build/nrf52840_xxaa/app_util_platform.c.o
 .comment       0x0000000000000049       0x4a _build/nrf52840_xxaa/nrf_drv_uart.c.o
 .comment       0x0000000000000049       0x4a _build/nrf52840_xxaa/nrfx_prs.c.o
 .comment       0x0000000000000049       0x4a _build/nrf52840_xxaa/nrfx_uart.c.o
 .comment       0x0000000000000049       0x4a _build/nrf52840_xxaa/nrfx_uarte.c.o
 .comment       0x0000000000000049       0x4a _build/nrf52840_xxaa/main.c.o
 .comment       0x0000000000000049       0x4a _build/nrf52840_xxaa/system_nrf52840.c.o

.debug_line     0x0000000000000000     0xa331
 .debug_line    0x0000000000000000       0xa9 _build/nrf52840_xxaa/gcc_startup_nrf52840.S.o
 .debug_line    0x00000000000000a9      0xfc8 _build/nrf52840_xxaa/boards.c.o
 .debug_line    0x0000000000001071      0x5ad _build/nrf52840_xxaa/app_error.c.o
 .debug_line    0x000000000000161e      0x80a _build/nrf52840_xxaa/app_error_weak.c.o
 .debug_line    0x0000000000001e28      0x93e _build/nrf52840_xxaa/app_fifo.c.o
 .debug_line    0x0000000000002766      0xf1c _build/nrf52840_xxaa/app_uart_fifo.c.o
 .debug_line    0x0000000000003682      0x679 _build/nrf52840_xxaa/app_util_platform.c.o
 .debug_line    0x0000000000003cfb      0x910 _build/nrf52840_xxaa/nrf_drv_uart.c.o
 .debug_line    0x000000000000460b      0xa06 _build/nrf52840_xxaa/nrfx_prs.c.o
 .debug_line    0x0000000000005011     0x2059 _build/nrf52840_xxaa/nrfx_uart.c.o
 .debug_line    0x000000000000706a     0x1faf _build/nrf52840_xxaa/nrfx_uarte.c.o
 .debug_line    0x0000000000009019      0xa56 _build/nrf52840_xxaa/main.c.o
 .debug_line    0x0000000000009a6f      0x8c2 _build/nrf52840_xxaa/system_nrf52840.c.o

.debug_info     0x0000000000000000     0xe672
 .debug_info    0x0000000000000000       0x26 _build/nrf52840_xxaa/gcc_startup_nrf52840.S.o
 .debug_info    0x0000000000000026      0xef5 _build/nrf52840_xxaa/boards.c.o
 .debug_info    0x0000000000000f1b      0x2c3 _build/nrf52840_xxaa/app_error.c.o
 .debug_info    0x00000000000011de      0x3b0 _build/nrf52840_xxaa/app_error_weak.c.o
 .debug_info    0x000000000000158e      0x6d0 _build/nrf52840_xxaa/app_fifo.c.o
 .debug_info    0x0000000000001c5e     0x186b _build/nrf52840_xxaa/app_uart_fifo.c.o
 .debug_info    0x00000000000034c9      0x82c _build/nrf52840_xxaa/app_util_platform.c.o
 .debug_info    0x0000000000003cf5     0x11eb _build/nrf52840_xxaa/nrf_drv_uart.c.o
 .debug_info    0x0000000000004ee0      0x778 _build/nrf52840_xxaa/nrfx_prs.c.o
 .debug_info    0x0000000000005658     0x38c3 _build/nrf52840_xxaa/nrfx_uart.c.o
 .debug_info    0x0000000000008f1b     0x382e _build/nrf52840_xxaa/nrfx_uarte.c.o
 .debug_info    0x000000000000c749      0x64d _build/nrf52840_xxaa/main.c.o
 .debug_info    0x000000000000cd96     0x18dc _build/nrf52840_xxaa/system_nrf52840.c.o

.debug_abbrev   0x0000000000000000     0x20f8
 .debug_abbrev  0x0000000000000000       0x14 _build/nrf52840_xxaa/gcc_startup_nrf52840.S.o
 .debug_abbrev  0x0000000000000014      0x345 _build/nrf52840_xxaa/boards.c.o
 .debug_abbrev  0x0000000000000359      0x13b _build/nrf52840_xxaa/app_error.c.o
 .debug_abbrev  0x0000000000000494      0x185 _build/nrf52840_xxaa/app_error_weak.c.o
 .debug_abbrev  0x0000000000000619      0x185 _build/nrf52840_xxaa/app_fifo.c.o
 .debug_abbrev  0x000000000000079e      0x364 _build/nrf52840_xxaa/app_uart_fifo.c.o
 .debug_abbrev  0x0000000000000b02      0x260 _build/nrf52840_xxaa/app_util_platform.c.o
 .debug_abbrev  0x0000000000000d62      0x22a _build/nrf52840_xxaa/nrf_drv_uart.c.o
 .debug_abbrev  0x0000000000000f8c      0x259 _build/nrf52840_xxaa/nrfx_prs.c.o
 .debug_abbrev  0x00000000000011e5      0x4d0 _build/nrf52840_xxaa/nrfx_uart.c.o
 .debug_abbrev  0x00000000000016b5      0x493 _build/nrf52840_xxaa/nrfx_uarte.c.o
 .debug_abbrev  0x0000000000001b48      0x28f _build/nrf52840_xxaa/main.c.o
 .debug_abbrev  0x0000000000001dd7      0x321 _build/nrf52840_xxaa/system_nrf52840.c.o

.debug_aranges  0x0000000000000000      0x360
 .debug_aranges
                0x0000000000000000       0x20 _build/nrf52840_xxaa/gcc_startup_nrf52840.S.o
 .debug_aranges
                0x0000000000000020       0x78 _build/nrf52840_xxaa/boards.c.o
 .debug_aranges
                0x0000000000000098       0x28 _build/nrf52840_xxaa/app_error.c.o
 .debug_aranges
                0x00000000000000c0       0x20 _build/nrf52840_xxaa/app_error_weak.c.o
 .debug_aranges
                0x00000000000000e0       0x50 _build/nrf52840_xxaa/app_fifo.c.o
 .debug_aranges
                0x0000000000000130       0x48 _build/nrf52840_xxaa/app_uart_fifo.c.o
 .debug_aranges
                0x0000000000000178       0x48 _build/nrf52840_xxaa/app_util_platform.c.o
 .debug_aranges
                0x00000000000001c0       0x30 _build/nrf52840_xxaa/nrf_drv_uart.c.o
 .debug_aranges
                0x00000000000001f0       0x30 _build/nrf52840_xxaa/nrfx_prs.c.o
 .debug_aranges
                0x0000000000000220       0x78 _build/nrf52840_xxaa/nrfx_uart.c.o
 .debug_aranges
                0x0000000000000298       0x68 _build/nrf52840_xxaa/nrfx_uarte.c.o
 .debug_aranges
                0x0000000000000300       0x28 _build/nrf52840_xxaa/main.c.o
 .debug_aranges
                0x0000000000000328       0x38 _build/nrf52840_xxaa/system_nrf52840.c.o

.debug_str      0x0000000000000000    0x958a2
 .debug_str     0x0000000000000000       0x9a _build/nrf52840_xxaa/gcc_startup_nrf52840.S.o
 .debug_str     0x000000000000009a    0x865cf _build/nrf52840_xxaa/boards.c.o
                                      0x878e4 (size before relaxing)
 .debug_str     0x0000000000086669      0x136 _build/nrf52840_xxaa/app_error.c.o
                                      0x79de1 (size before relaxing)
 .debug_str     0x000000000008679f     0x3067 _build/nrf52840_xxaa/app_error_weak.c.o
                                      0x86a42 (size before relaxing)
 .debug_str     0x0000000000089806      0x244 _build/nrf52840_xxaa/app_fifo.c.o
                                      0x832f1 (size before relaxing)
 .debug_str     0x0000000000089a4a     0x169f _build/nrf52840_xxaa/app_uart_fifo.c.o
                                      0x884d8 (size before relaxing)
 .debug_str     0x000000000008b0e9      0x3a8 _build/nrf52840_xxaa/app_util_platform.c.o
                                      0x7a650 (size before relaxing)
 .debug_str     0x000000000008b491      0x4a1 _build/nrf52840_xxaa/nrf_drv_uart.c.o
                                      0x87bc6 (size before relaxing)
 .debug_str     0x000000000008b932      0x634 _build/nrf52840_xxaa/nrfx_prs.c.o
                                      0x89afd (size before relaxing)
 .debug_str     0x000000000008bf66      0x742 _build/nrf52840_xxaa/nrfx_uart.c.o
                                      0x8ad12 (size before relaxing)
 .debug_str     0x000000000008c6a8      0x929 _build/nrf52840_xxaa/nrfx_uarte.c.o
                                      0x8b1a4 (size before relaxing)
 .debug_str     0x000000000008cfd1      0x3dc _build/nrf52840_xxaa/main.c.o
                                      0x87e8e (size before relaxing)
 .debug_str     0x000000000008d3ad     0x84f5 _build/nrf52840_xxaa/system_nrf52840.c.o
                                      0x7ea33 (size before relaxing)

.debug_loc      0x0000000000000000     0x6523
 .debug_loc     0x0000000000000000      0xc2f _build/nrf52840_xxaa/boards.c.o
 .debug_loc     0x0000000000000c2f       0xc8 _build/nrf52840_xxaa/app_error.c.o
 .debug_loc     0x0000000000000cf7       0x4a _build/nrf52840_xxaa/app_error_weak.c.o
 .debug_loc     0x0000000000000d41      0x744 _build/nrf52840_xxaa/app_fifo.c.o
 .debug_loc     0x0000000000001485      0x96e _build/nrf52840_xxaa/app_uart_fifo.c.o
 .debug_loc     0x0000000000001df3      0x11a _build/nrf52840_xxaa/app_util_platform.c.o
 .debug_loc     0x0000000000001f0d      0x1d6 _build/nrf52840_xxaa/nrf_drv_uart.c.o
 .debug_loc     0x00000000000020e3      0x10e _build/nrf52840_xxaa/nrfx_prs.c.o
 .debug_loc     0x00000000000021f1     0x1f97 _build/nrf52840_xxaa/nrfx_uart.c.o
 .debug_loc     0x0000000000004188     0x2058 _build/nrf52840_xxaa/nrfx_uarte.c.o
 .debug_loc     0x00000000000061e0      0x131 _build/nrf52840_xxaa/main.c.o
 .debug_loc     0x0000000000006311      0x212 _build/nrf52840_xxaa/system_nrf52840.c.o

.debug_ranges   0x0000000000000000     0x1790
 .debug_ranges  0x0000000000000000      0x6f8 _build/nrf52840_xxaa/boards.c.o
 .debug_ranges  0x00000000000006f8       0x18 _build/nrf52840_xxaa/app_error.c.o
 .debug_ranges  0x0000000000000710       0x10 _build/nrf52840_xxaa/app_error_weak.c.o
 .debug_ranges  0x0000000000000720      0x138 _build/nrf52840_xxaa/app_fifo.c.o
 .debug_ranges  0x0000000000000858      0x168 _build/nrf52840_xxaa/app_uart_fifo.c.o
 .debug_ranges  0x00000000000009c0       0x38 _build/nrf52840_xxaa/app_util_platform.c.o
 .debug_ranges  0x00000000000009f8       0x20 _build/nrf52840_xxaa/nrf_drv_uart.c.o
 .debug_ranges  0x0000000000000a18       0x38 _build/nrf52840_xxaa/nrfx_prs.c.o
 .debug_ranges  0x0000000000000a50      0x618 _build/nrf52840_xxaa/nrfx_uart.c.o
 .debug_ranges  0x0000000000001068      0x580 _build/nrf52840_xxaa/nrfx_uarte.c.o
 .debug_ranges  0x00000000000015e8       0x68 _build/nrf52840_xxaa/main.c.o
 .debug_ranges  0x0000000000001650      0x140 _build/nrf52840_xxaa/system_nrf52840.c.o

.debug_macro    0x0000000000000000     0x51ff
 .debug_macro   0x0000000000000000      0x348 _build/nrf52840_xxaa/boards.c.o
 .debug_macro   0x0000000000000348       0xfb _build/nrf52840_xxaa/boards.c.o
 .debug_macro   0x0000000000000443       0x40 _build/nrf52840_xxaa/boards.c.o
 .debug_macro   0x0000000000000483      0x462 _build/nrf52840_xxaa/boards.c.o
 .debug_macro   0x00000000000008e5       0x59 _build/nrf52840_xxaa/boards.c.o
 .debug_macro   0x000000000000093e      0x145 _build/nrf52840_xxaa/boards.c.o
 .debug_macro   0x0000000000000a83      0x14e _build/nrf52840_xxaa/boards.c.o
 .debug_macro   0x0000000000000bd1       0x3f _build/nrf52840_xxaa/boards.c.o
 .debug_macro   0x0000000000000c10       0x16 _build/nrf52840_xxaa/boards.c.o
 .debug_macro   0x0000000000000c26       0x10 _build/nrf52840_xxaa/boards.c.o
 .debug_macro   0x0000000000000c36       0xbe _build/nrf52840_xxaa/boards.c.o
 .debug_macro   0x0000000000000cf4       0x16 _build/nrf52840_xxaa/boards.c.o
 .debug_macro   0x0000000000000d0a      0x129 _build/nrf52840_xxaa/boards.c.o
 .debug_macro   0x0000000000000e33       0x49 _build/nrf52840_xxaa/boards.c.o
 .debug_macro   0x0000000000000e7c       0x8c _build/nrf52840_xxaa/boards.c.o
 .debug_macro   0x0000000000000f08       0x19 _build/nrf52840_xxaa/boards.c.o
 .debug_macro   0x0000000000000f21       0x1d _build/nrf52840_xxaa/boards.c.o
 .debug_macro   0x0000000000000f3e       0x35 _build/nrf52840_xxaa/boards.c.o
 .debug_macro   0x0000000000000f73       0x7b _build/nrf52840_xxaa/boards.c.o
 .debug_macro   0x0000000000000fee       0x64 _build/nrf52840_xxaa/boards.c.o
 .debug_macro   0x0000000000001052       0x20 _build/nrf52840_xxaa/boards.c.o
 .debug_macro   0x0000000000001072       0x1c _build/nrf52840_xxaa/boards.c.o
 .debug_macro   0x000000000000108e       0xb8 _build/nrf52840_xxaa/boards.c.o
 .debug_macro   0x0000000000001146      0x16d _build/nrf52840_xxaa/boards.c.o
 .debug_macro   0x00000000000012b3      0x21d _build/nrf52840_xxaa/app_error.c.o
 .debug_macro   0x00000000000014d0       0x97 _build/nrf52840_xxaa/app_error.c.o
 .debug_macro   0x0000000000001567       0xf6 _build/nrf52840_xxaa/app_error.c.o
 .debug_macro   0x000000000000165d      0x312 _build/nrf52840_xxaa/app_error_weak.c.o
 .debug_macro   0x000000000000196f       0x16 _build/nrf52840_xxaa/app_error_weak.c.o
 .debug_macro   0x0000000000001985       0x31 _build/nrf52840_xxaa/app_error_weak.c.o
 .debug_macro   0x00000000000019b6       0x16 _build/nrf52840_xxaa/app_error_weak.c.o
 .debug_macro   0x00000000000019cc       0x55 _build/nrf52840_xxaa/app_error_weak.c.o
 .debug_macro   0x0000000000001a21      0x17f _build/nrf52840_xxaa/app_error_weak.c.o
 .debug_macro   0x0000000000001ba0       0x9a _build/nrf52840_xxaa/app_error_weak.c.o
 .debug_macro   0x0000000000001c3a       0x28 _build/nrf52840_xxaa/app_error_weak.c.o
 .debug_macro   0x0000000000001c62       0x23 _build/nrf52840_xxaa/app_error_weak.c.o
 .debug_macro   0x0000000000001c85       0x1c _build/nrf52840_xxaa/app_error_weak.c.o
 .debug_macro   0x0000000000001ca1       0x92 _build/nrf52840_xxaa/app_error_weak.c.o
 .debug_macro   0x0000000000001d33      0x24c _build/nrf52840_xxaa/app_fifo.c.o
 .debug_macro   0x0000000000001f7f       0x16 _build/nrf52840_xxaa/app_fifo.c.o
 .debug_macro   0x0000000000001f95       0x22 _build/nrf52840_xxaa/app_fifo.c.o
 .debug_macro   0x0000000000001fb7      0x3e7 _build/nrf52840_xxaa/app_uart_fifo.c.o
 .debug_macro   0x000000000000239e       0x18 _build/nrf52840_xxaa/app_uart_fifo.c.o
 .debug_macro   0x00000000000023b6       0x10 _build/nrf52840_xxaa/app_uart_fifo.c.o
 .debug_macro   0x00000000000023c6       0x10 _build/nrf52840_xxaa/app_uart_fifo.c.o
 .debug_macro   0x00000000000023d6       0x10 _build/nrf52840_xxaa/app_uart_fifo.c.o
 .debug_macro   0x00000000000023e6       0x10 _build/nrf52840_xxaa/app_uart_fifo.c.o
 .debug_macro   0x00000000000023f6       0x10 _build/nrf52840_xxaa/app_uart_fifo.c.o
 .debug_macro   0x0000000000002406       0x3f _build/nrf52840_xxaa/app_uart_fifo.c.o
 .debug_macro   0x0000000000002445      0x239 _build/nrf52840_xxaa/app_util_platform.c.o
 .debug_macro   0x000000000000267e      0x367 _build/nrf52840_xxaa/nrf_drv_uart.c.o
 .debug_macro   0x00000000000029e5      0x3ca _build/nrf52840_xxaa/nrfx_prs.c.o
 .debug_macro   0x0000000000002daf       0x28 _build/nrf52840_xxaa/nrfx_prs.c.o
 .debug_macro   0x0000000000002dd7       0x1c _build/nrf52840_xxaa/nrfx_prs.c.o
 .debug_macro   0x0000000000002df3       0x37 _build/nrf52840_xxaa/nrfx_prs.c.o
 .debug_macro   0x0000000000002e2a       0x10 _build/nrf52840_xxaa/nrfx_prs.c.o
 .debug_macro   0x0000000000002e3a      0x179 _build/nrf52840_xxaa/nrfx_prs.c.o
 .debug_macro   0x0000000000002fb3       0x42 _build/nrf52840_xxaa/nrfx_prs.c.o
 .debug_macro   0x0000000000002ff5      0x3e5 _build/nrf52840_xxaa/nrfx_uart.c.o
 .debug_macro   0x00000000000033da       0x22 _build/nrf52840_xxaa/nrfx_uart.c.o
 .debug_macro   0x00000000000033fc      0x403 _build/nrf52840_xxaa/nrfx_uarte.c.o
 .debug_macro   0x00000000000037ff      0x39e _build/nrf52840_xxaa/main.c.o
 .debug_macro   0x0000000000003b9d      0x158 _build/nrf52840_xxaa/system_nrf52840.c.o
 .debug_macro   0x0000000000003cf5      0x44e _build/nrf52840_xxaa/system_nrf52840.c.o
 .debug_macro   0x0000000000004143      0xa28 _build/nrf52840_xxaa/system_nrf52840.c.o
 .debug_macro   0x0000000000004b6b      0x520 _build/nrf52840_xxaa/system_nrf52840.c.o
 .debug_macro   0x000000000000508b      0x164 _build/nrf52840_xxaa/system_nrf52840.c.o
 .debug_macro   0x00000000000051ef       0x10 _build/nrf52840_xxaa/system_nrf52840.c.o

.debug_frame    0x0000000000000000      0x898
 .debug_frame   0x0000000000000000       0xdc _build/nrf52840_xxaa/boards.c.o
 .debug_frame   0x00000000000000dc       0x4c _build/nrf52840_xxaa/app_error.c.o
 .debug_frame   0x0000000000000128       0x20 _build/nrf52840_xxaa/app_error_weak.c.o
 .debug_frame   0x0000000000000148       0xe4 _build/nrf52840_xxaa/app_fifo.c.o
 .debug_frame   0x000000000000022c      0x100 _build/nrf52840_xxaa/app_uart_fifo.c.o
 .debug_frame   0x000000000000032c       0x70 _build/nrf52840_xxaa/app_util_platform.c.o
 .debug_frame   0x000000000000039c       0x7c _build/nrf52840_xxaa/nrf_drv_uart.c.o
 .debug_frame   0x0000000000000418       0x4c _build/nrf52840_xxaa/nrfx_prs.c.o
 .debug_frame   0x0000000000000464      0x180 _build/nrf52840_xxaa/nrfx_uart.c.o
 .debug_frame   0x00000000000005e4      0x188 _build/nrf52840_xxaa/nrfx_uarte.c.o
 .debug_frame   0x000000000000076c       0x3c _build/nrf52840_xxaa/main.c.o
 .debug_frame   0x00000000000007a8       0x5c _build/nrf52840_xxaa/system_nrf52840.c.o
 .debug_frame   0x0000000000000804       0x28 /Applications/ARM/bin/../lib/gcc/arm-none-eabi/10.3.1/../../../../arm-none-eabi/lib/thumb/v7e-m+fp/hard/libc_nano.a(lib_a-exit.o)
 .debug_frame   0x000000000000082c       0x2c /Applications/ARM/bin/../lib/gcc/arm-none-eabi/10.3.1/../../../../arm-none-eabi/lib/thumb/v7e-m+fp/hard/libc_nano.a(lib_a-init.o)
 .debug_frame   0x0000000000000858       0x20 /Applications/ARM/bin/../lib/gcc/arm-none-eabi/10.3.1/../../../../arm-none-eabi/lib/thumb/v7e-m+fp/hard/libc_nano.a(lib_a-memset.o)
 .debug_frame   0x0000000000000878       0x20 /Applications/ARM/bin/../lib/gcc/arm-none-eabi/10.3.1/../../../../arm-none-eabi/lib/thumb/v7e-m+fp/hard/libnosys.a(_exit.o)
